3 out 
6 out 
9 out 
12 out 
15 out 
18 out 
21 out 
24 out 
27 out 
30 out 
33 out 
36 out 
39 out 
42 out 
45 out 
48 out 
51 out 
54 out 
57 out 
60 out 
63 out 
66 out 
69 out 
72 out 
75 out 
78 out 
81 out 
84 out 
87 out 
90 out 
93 out 
96 out 
99 out 
2 out 
7 out 
11 out 
16 out 
20 out 
25 out 
29 out 
34 out 
38 out 
43 out 
47 out 
52 out 
56 out 
61 out 
65 out 
70 out 
74 out 
79 out 
83 out 
88 out 
92 out 
97 out 
1 out 
8 out 
14 out 
22 out 
28 out 
35 out 
41 out 
49 out 
55 out 
62 out 
68 out 
76 out 
82 out 
89 out 
95 out 
4 out 
13 out 
23 out 
32 out 
44 out 
53 out 
64 out 
73 out 
85 out 
94 out 
5 out 
19 out 
37 out 
50 out 
67 out 
80 out 
98 out 
17 out 
40 out 
59 out 
86 out 
10 out 
46 out 
77 out 
26 out 
71 out 
31 out 
100 out 
58 out 
91 out 
